Timestamp               Ty Process[PID:TID]
2026-09-09 18:48:00.433 Df chronod[18271:1083899] [com.apple.chrono:placeholder.store] app.traco::app.traco.widget:[app.traco::app.traco.widget:TracoWidget:accessoryRectangular::162.00/72.00/0.00:(null)~(null)] on local assertion released (0)
2026-09-09 18:48:00.433 Df chronod[18271:1083899] [com.apple.chrono:placeholder.store] app.traco::app.traco.widget:[app.traco::app.traco.widget:TracoWidget:accessoryRectangular::162.00/72.00/0.00:(null)~(null)] on local:[app.traco::app.traco.widget:TracoWidget
2026-09-09 18:48:00.433 Df chronod[18271:1083899] [com.apple.chrono:timeline.store] [app.traco::app.traco.widget:TracoWidget]:[app.traco::app.traco.widget:TracoWidget:accessoryRectangular::162.00/72.00/0.00:(null)~(null)] on local assertion released (1)
2026-09-09 18:48:00.802 Df chronod[18271:1083899] [com.apple.chrono:timeline.store] [app.traco::app.traco.widget:TracoWidget] Reload with configuration [externalRequest([source:<BSProcessHandle: 0x10b465c20; Traco:19789; valid: YES>], reason: WidgetCenterServe
2026-09-09 18:48:00.802 Df chronod[18271:1083899] [com.apple.chrono:timeline.store] record reload: [app.traco::app.traco.widget:TracoWidget] = externalRequest([source:<BSProcessHandle: 0x10b465c20; Traco:19789; valid: YES>], reason: WidgetCenterServer)
2026-09-09 18:48:00.802 Df chronod[18271:1083899] [com.apple.chrono:timeline.store] Task [36] [app.traco::app.traco.widget:TracoWidget] Preparing reload
2026-09-09 18:48:00.802 Df chronod[18271:1083899] [com.apple.chrono:timeline.store] Task [36] [app.traco::app.traco.widget:TracoWidget] Replacing all tasks
2026-09-09 18:48:00.802 Df chronod[18271:1083899] [com.apple.chrono:timeline.store] Task [36] [app.traco::app.traco.widget:TracoWidget] Dispatching new task
2026-09-09 18:48:00.803 Df chronod[18271:1083899] [com.apple.chrono:taskservice] [7357838E]: cancelling timeline<com.apple.chronod.timeline-host::[app.traco::app.traco.widget:TracoWidget]>.7357838E
2026-09-09 18:48:00.803 Df chronod[18271:1083899] [com.apple.chrono:timeline.store] Task [36] [app.traco::app.traco.widget:TracoWidget] Scheduling reload with configuration: [externalRequest([source:<BSProcessHandle: 0x10b465c20; Traco:19789; valid: YES>], rea
2026-09-09 18:48:00.803 Df chronod[18271:108388f] [com.apple.chrono:timeline.store] Task [35] [app.traco::app.traco.widget:TracoWidget] Completed
2026-09-09 18:48:00.803 Df chronod[18271:108388f] [com.apple.chrono:timeline.store] Task [35] [app.traco::app.traco.widget:TracoWidget] Ignored as it was replaced by task [36]
2026-09-09 18:48:00.803 Df chronod[18271:108388f] [com.apple.chrono:timeline.store] [app.traco::app.traco.widget:TracoWidget] Not checking cache (externalRequest([source:<BSProcessHandle: 0x10b465c20; Traco:19789; valid: YES>], reason: WidgetCenterServer))
2026-09-09 18:48:00.803 Df chronod[18271:108388f] [com.apple.chrono:timeline.store] [app.traco::app.traco.widget:TracoWidget] scheduled [externalRequest([source:<BSProcessHandle: 0x10b465c20; Traco:19789; valid: YES>], reason: WidgetCenterServer)-immediate-fre
2026-09-09 18:48:00.803 Df chronod[18271:108388f] [com.apple.chrono:taskservice] [6A5F5E65]: task submitted timeline<com.apple.chronod.timeline-host::[app.traco::app.traco.widget:TracoWidget]>.6A5F5E65
2026-09-09 18:48:00.808 Df chronod[18271:108388f] [com.apple.chrono:taskservice] [6A5F5E65]: timeline<com.apple.chronod.timeline-host::[app.traco::app.traco.widget:TracoWidget]>.6A5F5E65 overridden for budget exempt reason: containerApp-ExemptReason
2026-09-09 18:48:00.808 Df chronod[18271:108388f] [com.apple.chrono:timeline.store] Task [36] [app.traco::app.traco.widget:TracoWidget] Scheduled with cancellable token: [<TaskService.TaskCancellable: TaskID: 6A5F5E65>]
2026-09-09 18:48:00.813 Df chronod[18271:1083899] [com.apple.chrono:taskservice] Add pending task: timeline<com.apple.chronod.timeline-host::[app.traco::app.traco.widget:TracoWidget]>.6A5F5E65
2026-09-09 18:48:00.813 Df chronod[18271:1083899] [com.apple.chrono:taskservice] Remove pending task: timeline<com.apple.chronod.timeline-host::[app.traco::app.traco.widget:TracoWidget]>.6A5F5E65
2026-09-09 18:48:00.813 Df chronod[18271:1083899] [com.apple.chrono:taskservice] [6A5F5E65]: starting pended task timeline<com.apple.chronod.timeline-host::[app.traco::app.traco.widget:TracoWidget]>.6A5F5E65; pendingTasks.count = 0
2026-09-09 18:48:00.813 Df chronod[18271:1083896] [com.apple.chrono:tasksession] [6A5F5E65]: start() with task timeline<com.apple.chronod.timeline-host::[app.traco::app.traco.widget:TracoWidget]>.6A5F5E65
2026-09-09 18:48:00.813 Df chronod[18271:1083896] [com.apple.chrono:tasksession] [6A5F5E65]: _taskQueue_setup() with task timeline<com.apple.chronod.timeline-host::[app.traco::app.traco.widget:TracoWidget]>.6A5F5E65
2026-09-09 18:48:00.820 Df chronod[18271:1083896] [com.apple.chrono:keepalive] Added: <Task 740ADEE5-9B13-4444-87D5-5BE148D15780: timeline<com.apple.chronod.timeline-host::[app.traco::app.traco.widget:TracoWidget]>>
2026-09-09 18:48:00.820 Df chronod[18271:1083896] [com.apple.chrono:tasksession] [6A5F5E65]: _taskQueue_execute() with task timeline<com.apple.chronod.timeline-host::[app.traco::app.traco.widget:TracoWidget]>.6A5F5E65
2026-09-09 18:48:00.820 Df chronod[18271:1083896] [com.apple.chrono:timeline.store] [app.traco::app.traco.widget:TracoWidget] reload: begin
2026-09-09 18:48:00.843 Df chronod[18271:1083896] [com.apple.chrono:timeline.store] [app.traco::app.traco.widget:TracoWidget:accessoryRectangular::162.00/72.00/0.00:(null)~(null)] on local reload: succeeded with 3 entries
2026-09-09 18:48:00.847 Df chronod[18271:1083896] [com.apple.chrono:timeline.store] [app.traco::app.traco.widget:TracoWidget:accessoryInline::216.33/36.00/0.00:(null)~(null)] on local reload: succeeded with 3 entries
2026-09-09 18:48:00.851 Df chronod[18271:1083896] [com.apple.chrono:timeline.store] [app.traco::app.traco.widget:TracoWidget:accessoryInline::342.00/36.00/0.00:(null)~(null)] on local reload: succeeded with 3 entries
2026-09-09 18:48:00.852 Df chronod[18271:1083896] [com.apple.chrono:timeline.store] [app.traco::app.traco.widget:TracoWidget] reload: succeeded
2026-09-09 18:48:00.852 Df chronod[18271:1083899] [com.apple.chrono:keepalive] Removed: <Task 740ADEE5-9B13-4444-87D5-5BE148D15780: timeline<com.apple.chronod.timeline-host::[app.traco::app.traco.widget:TracoWidget]>>
2026-09-09 18:48:00.852 Df chronod[18271:1083899] [com.apple.chrono:tasksession] [6A5F5E65]: _taskQueue_evaluate() with task timeline<com.apple.chronod.timeline-host::[app.traco::app.traco.widget:TracoWidget]>.6A5F5E65
2026-09-09 18:48:00.852 Df chronod[18271:1083899] [com.apple.chrono:tasksession] [6A5F5E65]: _taskQueue_teardown() with task timeline<com.apple.chronod.timeline-host::[app.traco::app.traco.widget:TracoWidget]>.6A5F5E65
2026-09-09 18:48:00.852 Df chronod[18271:1083899] [com.apple.chrono:tasksession] [6A5F5E65]: _taskQueue_complete() with task timeline<com.apple.chronod.timeline-host::[app.traco::app.traco.widget:TracoWidget]>.6A5F5E65
2026-09-09 18:48:00.852 Df chronod[18271:1083897] [com.apple.chrono:timeline.store] Task [36] [app.traco::app.traco.widget:TracoWidget] Completed
2026-09-09 18:48:00.852 Df chronod[18271:1083897] [com.apple.chrono:timeline.store] Task [36] [app.traco::app.traco.widget:TracoWidget] Reload success
2026-09-09 18:48:00.852 Df chronod[18271:1083897] [com.apple.chrono:timeline.store] Task [36] [app.traco::app.traco.widget:TracoWidget] New state: reload
2026-09-09 18:48:00.852 Df chronod[18271:1083897] [com.apple.chrono:timeline.store] Task [36] [app.traco::app.traco.widget:TracoWidget] Follow-on reload from completion needed: [[timelineExhausted-2026-09-09T21:48:00-03:00-budgeted-1]]
2026-09-09 18:48:00.852 Df chronod[18271:1083897] [com.apple.chrono:timeline.store] Task [37] [app.traco::app.traco.widget:TracoWidget] Preparing reload
2026-09-09 18:48:00.852 Df chronod[18271:1083897] [com.apple.chrono:timeline.store] Task [37] [app.traco::app.traco.widget:TracoWidget] Dispatching new task
2026-09-09 18:48:00.852 Df chronod[18271:1083897] [com.apple.chrono:timeline.store] Task [37] [app.traco::app.traco.widget:TracoWidget] Scheduling reload with configuration: [timelineExhausted-2026-09-09T21:48:00-03:00-budgeted-1]
2026-09-09 18:48:00.853 Df chronod[18271:1083897] [com.apple.chrono:timeline.store] [app.traco::app.traco.widget:TracoWidget] Not checking cache (timelineExhausted)
2026-09-09 18:48:00.853 Df chronod[18271:1083897] [com.apple.chrono:timeline.store] [app.traco::app.traco.widget:TracoWidget] scheduled [timelineExhausted-2026-09-09T21:48:00-03:00-budgeted-1]
2026-09-09 18:48:00.853 Df chronod[18271:1083897] [com.apple.chrono:taskservice] [1C49D46D]: task submitted timeline<com.apple.chronod.timeline-host::[app.traco::app.traco.widget:TracoWidget]>.1C49D46D
2026-09-09 18:48:00.857 Df chronod[18271:1083897] [com.apple.chrono:taskservice] [1C49D46D]: timeline<com.apple.chronod.timeline-host::[app.traco::app.traco.widget:TracoWidget]>.1C49D46D overridden for budget exempt reason: containerApp-ExemptReason
2026-09-09 18:48:00.857 Df chronod[18271:1083897] [com.apple.chrono:timeline.store] Task [37] [app.traco::app.traco.widget:TracoWidget] Scheduled with cancellable token: [<TaskService.TaskCancellable: TaskID: 1C49D46D>]
2026-09-09 18:48:01.065 Df chronod[18271:1083899] [com.apple.chrono:timeline.store] [app.traco::app.traco.widget:TracoWidget] Reload with configuration [externalRequestThrottledRetry(externalRequest([source:unknown], reason: ExternalRequestTimelineReloadFilter
2026-09-09 18:48:01.065 Df chronod[18271:1083899] [com.apple.chrono:timeline.store] record reload: [app.traco::app.traco.widget:TracoWidget] = externalRequestThrottledRetry(externalRequest([source:unknown], reason: ExternalRequestTimelineReloadFilter - unwindi
2026-09-09 18:48:01.065 Df chronod[18271:1083899] [com.apple.chrono:timeline.store] Task [38] [app.traco::app.traco.widget:TracoWidget] Preparing reload
2026-09-09 18:48:01.065 Df chronod[18271:1083899] [com.apple.chrono:timeline.store] Task [38] [app.traco::app.traco.widget:TracoWidget] Replacing all tasks
2026-09-09 18:48:01.065 Df chronod[18271:1083899] [com.apple.chrono:timeline.store] Task [38] [app.traco::app.traco.widget:TracoWidget] Dispatching new task
2026-09-09 18:48:01.065 Df chronod[18271:1083899] [com.apple.chrono:taskservice] [1C49D46D]: cancelling timeline<com.apple.chronod.timeline-host::[app.traco::app.traco.widget:TracoWidget]>.1C49D46D
2026-09-09 18:48:01.065 Df chronod[18271:1083899] [com.apple.chrono:timeline.store] Task [38] [app.traco::app.traco.widget:TracoWidget] Scheduling reload with configuration: [externalRequestThrottledRetry(externalRequest([source:unknown], reason: ExternalReque
2026-09-09 18:48:01.065 Df chronod[18271:10842b6] [com.apple.chrono:timeline.store] Task [37] [app.traco::app.traco.widget:TracoWidget] Completed
2026-09-09 18:48:01.065 Df chronod[18271:10842b6] [com.apple.chrono:timeline.store] Task [37] [app.traco::app.traco.widget:TracoWidget] Ignored as it was replaced by task [38]
2026-09-09 18:48:01.066 Df chronod[18271:10842b6] [com.apple.chrono:timeline.store] [app.traco::app.traco.widget:TracoWidget] Not checking cache (externalRequestThrottledRetry(externalRequest([source:unknown], reason: ExternalRequestTimelineReloadFilter - unwi
2026-09-09 18:48:01.066 Df chronod[18271:10842b6] [com.apple.chrono:timeline.store] [app.traco::app.traco.widget:TracoWidget] scheduled [externalRequestThrottledRetry(externalRequest([source:unknown], reason: ExternalRequestTimelineReloadFilter - unwindingPend
2026-09-09 18:48:01.066 Df chronod[18271:10842b6] [com.apple.chrono:taskservice] [E7AC757B]: task submitted timeline<com.apple.chronod.timeline-host::[app.traco::app.traco.widget:TracoWidget]>.E7AC757B
2026-09-09 18:48:01.070 Df chronod[18271:10842b6] [com.apple.chrono:taskservice] [E7AC757B]: timeline<com.apple.chronod.timeline-host::[app.traco::app.traco.widget:TracoWidget]>.E7AC757B overridden for budget exempt reason: free
2026-09-09 18:48:01.070 Df chronod[18271:10842b6] [com.apple.chrono:timeline.store] Task [38] [app.traco::app.traco.widget:TracoWidget] Scheduled with cancellable token: [<TaskService.TaskCancellable: TaskID: E7AC757B>]
2026-09-09 18:48:01.070 Df chronod[18271:1083899] [com.apple.chrono:taskservice] Add pending task: timeline<com.apple.chronod.timeline-host::[app.traco::app.traco.widget:TracoWidget]>.E7AC757B
2026-09-09 18:48:01.070 Df chronod[18271:1083899] [com.apple.chrono:taskservice] Remove pending task: timeline<com.apple.chronod.timeline-host::[app.traco::app.traco.widget:TracoWidget]>.E7AC757B
2026-09-09 18:48:01.070 Df chronod[18271:1083899] [com.apple.chrono:taskservice] [E7AC757B]: starting pended task timeline<com.apple.chronod.timeline-host::[app.traco::app.traco.widget:TracoWidget]>.E7AC757B; pendingTasks.count = 0
2026-09-09 18:48:01.070 Df chronod[18271:1083896] [com.apple.chrono:tasksession] [E7AC757B]: start() with task timeline<com.apple.chronod.timeline-host::[app.traco::app.traco.widget:TracoWidget]>.E7AC757B
2026-09-09 18:48:01.070 Df chronod[18271:1083896] [com.apple.chrono:tasksession] [E7AC757B]: _taskQueue_setup() with task timeline<com.apple.chronod.timeline-host::[app.traco::app.traco.widget:TracoWidget]>.E7AC757B
2026-09-09 18:48:01.078 Df chronod[18271:1083896] [com.apple.chrono:keepalive] Added: <Task 1FF760B1-A2A6-4EDD-ABAC-9630F822CF0D: timeline<com.apple.chronod.timeline-host::[app.traco::app.traco.widget:TracoWidget]>>
2026-09-09 18:48:01.078 Df chronod[18271:1083896] [com.apple.chrono:tasksession] [E7AC757B]: _taskQueue_execute() with task timeline<com.apple.chronod.timeline-host::[app.traco::app.traco.widget:TracoWidget]>.E7AC757B
2026-09-09 18:48:01.078 Df chronod[18271:1083896] [com.apple.chrono:timeline.store] [app.traco::app.traco.widget:TracoWidget] reload: begin
2026-09-09 18:48:01.115 Df chronod[18271:1083899] [com.apple.chrono:timeline.store] [app.traco::app.traco.widget:TracoWidget:accessoryInline::216.33/36.00/0.00:(null)~(null)] on local reload: succeeded with 3 entries
2026-09-09 18:48:01.120 Df chronod[18271:1083899] [com.apple.chrono:timeline.store] [app.traco::app.traco.widget:TracoWidget:accessoryInline::342.00/36.00/0.00:(null)~(null)] on local reload: succeeded with 3 entries
2026-09-09 18:48:01.124 Df chronod[18271:1083899] [com.apple.chrono:timeline.store] [app.traco::app.traco.widget:TracoWidget:accessoryRectangular::162.00/72.00/0.00:(null)~(null)] on local reload: succeeded with 3 entries
2026-09-09 18:48:01.124 Df chronod[18271:1083899] [com.apple.chrono:timeline.store] [app.traco::app.traco.widget:TracoWidget] reload: succeeded
2026-09-09 18:48:01.124 Df chronod[18271:108388f] [com.apple.chrono:keepalive] Removed: <Task 1FF760B1-A2A6-4EDD-ABAC-9630F822CF0D: timeline<com.apple.chronod.timeline-host::[app.traco::app.traco.widget:TracoWidget]>>
2026-09-09 18:48:01.124 Df chronod[18271:108388f] [com.apple.chrono:tasksession] [E7AC757B]: _taskQueue_evaluate() with task timeline<com.apple.chronod.timeline-host::[app.traco::app.traco.widget:TracoWidget]>.E7AC757B
2026-09-09 18:48:01.124 Df chronod[18271:108388f] [com.apple.chrono:tasksession] [E7AC757B]: _taskQueue_teardown() with task timeline<com.apple.chronod.timeline-host::[app.traco::app.traco.widget:TracoWidget]>.E7AC757B
2026-09-09 18:48:01.124 Df chronod[18271:108388f] [com.apple.chrono:tasksession] [E7AC757B]: _taskQueue_complete() with task timeline<com.apple.chronod.timeline-host::[app.traco::app.traco.widget:TracoWidget]>.E7AC757B
2026-09-09 18:48:01.124 Df chronod[18271:1083897] [com.apple.chrono:timeline.store] Task [38] [app.traco::app.traco.widget:TracoWidget] Completed
2026-09-09 18:48:01.124 Df chronod[18271:1083897] [com.apple.chrono:timeline.store] Task [38] [app.traco::app.traco.widget:TracoWidget] Reload success
2026-09-09 18:48:01.124 Df chronod[18271:1083897] [com.apple.chrono:timeline.store] Task [38] [app.traco::app.traco.widget:TracoWidget] New state: reload
2026-09-09 18:48:01.125 Df chronod[18271:1083897] [com.apple.chrono:timeline.store] Task [38] [app.traco::app.traco.widget:TracoWidget] Follow-on reload from completion needed: [[timelineExhausted-2026-09-09T21:48:01-03:00-budgeted-1]]
2026-09-09 18:48:01.125 Df chronod[18271:1083897] [com.apple.chrono:timeline.store] Task [39] [app.traco::app.traco.widget:TracoWidget] Preparing reload
2026-09-09 18:48:01.125 Df chronod[18271:1083897] [com.apple.chrono:timeline.store] Task [39] [app.traco::app.traco.widget:TracoWidget] Dispatching new task
2026-09-09 18:48:01.125 Df chronod[18271:1083897] [com.apple.chrono:timeline.store] Task [39] [app.traco::app.traco.widget:TracoWidget] Scheduling reload with configuration: [timelineExhausted-2026-09-09T21:48:01-03:00-budgeted-1]
2026-09-09 18:48:01.125 Df chronod[18271:1083897] [com.apple.chrono:timeline.store] [app.traco::app.traco.widget:TracoWidget] Not checking cache (timelineExhausted)
2026-09-09 18:48:01.125 Df chronod[18271:1083897] [com.apple.chrono:timeline.store] [app.traco::app.traco.widget:TracoWidget] scheduled [timelineExhausted-2026-09-09T21:48:01-03:00-budgeted-1]
2026-09-09 18:48:01.125 Df chronod[18271:1083897] [com.apple.chrono:taskservice] [BFF3F999]: task submitted timeline<com.apple.chronod.timeline-host::[app.traco::app.traco.widget:TracoWidget]>.BFF3F999
2026-09-09 18:48:01.129 Df chronod[18271:1083897] [com.apple.chrono:timeline.store] Task [39] [app.traco::app.traco.widget:TracoWidget] Scheduled with cancellable token: [<TaskService.TaskCancellable: TaskID: BFF3F999>]
2026-09-09 18:48:04.645 Df chronod[18271:108388f] [com.apple.chrono:timeline.store] [app.traco::app.traco.widget:TracoWidget] Clearing environment mismatch loop/history.
2026-09-09 18:48:04.645 Df chronod[18271:108388f] [com.apple.chrono:placeholder.store] app.traco::app.traco.widget:[app.traco::app.traco.widget:TracoWidget:accessoryRectangular::162.00/72.00/0.00:(null)~(null)] on local assertion: acquired (1)
2026-09-09 18:48:04.646 Df chronod[18271:108388f] [com.apple.chrono:widgetEntryDescriptorObserver-verbose] [Placeholder] Updating descriptor: [app.traco::app.traco.widget:TracoWidget:accessoryRectangular::(null)~(null)] with: <CHSWidgetDescriptor: 0x10a66d900>
    extensionIdentity = app.traco::app.traco.widget;
    kind = TracoWidget;
    displayName = Traço;
    intentType = 0x0;
    enabled = YES;
    enablement = 0;
    version = 2;
    preferredBackgroundStyle = 0;
    supportsVibrantContent = NO;
    supportsAccentedContent = YES;
    backgroundRemovable = YES;
    sdkVersion = 26.5;
    platform = 3;
    hasDefaultIntent = NO;
    supportedFamilies = "(systemSmall, systemMedium, accessoryRectangular, accessoryInline)";
    localeToken = S4H7s19cZ57CBvXPf6kKtDDlADA=;
    spatialChromeStyles = (none);
    spatialSurface = glass;
    wantsLiveScene = NO;
    requestedDataProtection = 2;
    widgetDescription = "A única coisa de hoje, o que vem a seguir e um toque para começar.";
    configurationBackgroundColor = 0x0;
    configurationAccentColor = 0x0;
}
2026-09-09 18:48:04.646 Df chronod[18271:108388f] [com.apple.chrono:placeholder.store] app.traco::app.traco.widget:[app.traco::app.traco.widget:TracoWidget:accessoryRectangular::162.00/72.00/0.00:(null)~(null)] on local Add to store.  Marked as state: reload
2026-09-09 18:48:04.646 Df chronod[18271:108388f] [com.apple.chrono:placeholder] Acquired lifetime assertion for: app.traco::app.traco.widget:TracoWidget:accessoryRectangular
2026-09-09 18:48:04.646 Df chronod[18271:108388f] [com.apple.chrono:timeline.store] [app.traco::app.traco.widget:TracoWidget]:[app.traco::app.traco.widget:TracoWidget:accessoryRectangular::162.00/72.00/0.00:(null)~(null)] on local assertion: acquired (2)
2026-09-09 18:48:04.653 Df chronod[18271:1083897] [com.apple.chrono:timeline.store] [app.traco::app.traco.widget:TracoWidget] Reload with configuration [environmentMismatch-immediate-free-1]
2026-09-09 18:48:04.653 Df chronod[18271:1083897] [com.apple.chrono:timeline.store] record reload: [app.traco::app.traco.widget:TracoWidget] = environmentMismatch
2026-09-09 18:48:04.653 Df chronod[18271:1083897] [com.apple.chrono:timeline.store] Task [40] [app.traco::app.traco.widget:TracoWidget] Preparing reload
2026-09-09 18:48:04.653 Df chronod[18271:1083897] [com.apple.chrono:timeline.store] Task [40] [app.traco::app.traco.widget:TracoWidget] Replacing all tasks
2026-09-09 18:48:04.653 Df chronod[18271:1083897] [com.apple.chrono:timeline.store] Task [40] [app.traco::app.traco.widget:TracoWidget] Dispatching new task
2026-09-09 18:48:04.653 Df chronod[18271:1083897] [com.apple.chrono:taskservice] [BFF3F999]: cancelling timeline<com.apple.chronod.timeline-host::[app.traco::app.traco.widget:TracoWidget]>.BFF3F999
2026-09-09 18:48:04.653 Df chronod[18271:1083897] [com.apple.chrono:timeline.store] Task [40] [app.traco::app.traco.widget:TracoWidget] Scheduling reload with configuration: [environmentMismatch-immediate-free-1]
2026-09-09 18:48:04.653 Df chronod[18271:108388f] [com.apple.chrono:timeline.store] Task [39] [app.traco::app.traco.widget:TracoWidget] Completed
2026-09-09 18:48:04.653 Df chronod[18271:108388f] [com.apple.chrono:timeline.store] Task [39] [app.traco::app.traco.widget:TracoWidget] Ignored as it was replaced by task [40]
2026-09-09 18:48:04.653 Df chronod[18271:108388f] [com.apple.chrono:timeline.store] [app.traco::app.traco.widget:TracoWidget] Not checking cache (environmentMismatch)
2026-09-09 18:48:04.654 Df chronod[18271:108388f] [com.apple.chrono:timeline.store] [app.traco::app.traco.widget:TracoWidget] scheduled [environmentMismatch-immediate-free-1]
2026-09-09 18:48:04.654 Df chronod[18271:108388f] [com.apple.chrono:taskservice] [CF130D89]: task submitted timeline<com.apple.chronod.timeline-host::[app.traco::app.traco.widget:TracoWidget]>.CF130D89
2026-09-09 18:48:04.658 Df chronod[18271:108388f] [com.apple.chrono:taskservice] [CF130D89]: timeline<com.apple.chronod.timeline-host::[app.traco::app.traco.widget:TracoWidget]>.CF130D89 overridden for budget exempt reason: free
2026-09-09 18:48:04.658 Df chronod[18271:108388f] [com.apple.chrono:timeline.store] Task [40] [app.traco::app.traco.widget:TracoWidget] Scheduled with cancellable token: [<TaskService.TaskCancellable: TaskID: CF130D89>]
2026-09-09 18:48:04.659 Df chronod[18271:1083896] [com.apple.chrono:taskservice] Add pending task: timeline<com.apple.chronod.timeline-host::[app.traco::app.traco.widget:TracoWidget]>.CF130D89
2026-09-09 18:48:04.659 Df chronod[18271:1083896] [com.apple.chrono:taskservice] Remove pending task: timeline<com.apple.chronod.timeline-host::[app.traco::app.traco.widget:TracoWidget]>.CF130D89
2026-09-09 18:48:04.659 Df chronod[18271:1083896] [com.apple.chrono:taskservice] [CF130D89]: starting pended task timeline<com.apple.chronod.timeline-host::[app.traco::app.traco.widget:TracoWidget]>.CF130D89; pendingTasks.count = 0
2026-09-09 18:48:04.659 Df chronod[18271:1083897] [com.apple.chrono:tasksession] [CF130D89]: start() with task timeline<com.apple.chronod.timeline-host::[app.traco::app.traco.widget:TracoWidget]>.CF130D89
2026-09-09 18:48:04.659 Df chronod[18271:1083897] [com.apple.chrono:tasksession] [CF130D89]: _taskQueue_setup() with task timeline<com.apple.chronod.timeline-host::[app.traco::app.traco.widget:TracoWidget]>.CF130D89
2026-09-09 18:48:04.667 Df chronod[18271:1083897] [com.apple.chrono:keepalive] Added: <Task A0F95049-A70F-4EBD-AAC2-1658C6E8D63E: timeline<com.apple.chronod.timeline-host::[app.traco::app.traco.widget:TracoWidget]>>
2026-09-09 18:48:04.667 Df chronod[18271:1083897] [com.apple.chrono:tasksession] [CF130D89]: _taskQueue_execute() with task timeline<com.apple.chronod.timeline-host::[app.traco::app.traco.widget:TracoWidget]>.CF130D89
2026-09-09 18:48:04.667 Df chronod[18271:1083897] [com.apple.chrono:timeline.store] [app.traco::app.traco.widget:TracoWidget] reload: begin
2026-09-09 18:48:04.718 Df chronod[18271:1083896] [com.apple.chrono:timeline.store] [app.traco::app.traco.widget:TracoWidget:accessoryInline::342.00/36.00/0.00:(null)~(null)] on local reload: succeeded with 3 entries
2026-09-09 18:48:04.723 Df chronod[18271:1083896] [com.apple.chrono:timeline.store] [app.traco::app.traco.widget:TracoWidget:accessoryInline::216.33/36.00/0.00:(null)~(null)] on local reload: succeeded with 3 entries
2026-09-09 18:48:04.727 Df chronod[18271:1083896] [com.apple.chrono:timeline.store] [app.traco::app.traco.widget:TracoWidget:accessoryRectangular::162.00/72.00/0.00:(null)~(null)] on local reload: succeeded with 3 entries
2026-09-09 18:48:04.727 Df chronod[18271:1083896] [com.apple.chrono:timeline.store] [app.traco::app.traco.widget:TracoWidget] reload: succeeded
2026-09-09 18:48:04.728 Df chronod[18271:10842b6] [com.apple.chrono:keepalive] Removed: <Task A0F95049-A70F-4EBD-AAC2-1658C6E8D63E: timeline<com.apple.chronod.timeline-host::[app.traco::app.traco.widget:TracoWidget]>>
2026-09-09 18:48:04.728 Df chronod[18271:10842b6] [com.apple.chrono:tasksession] [CF130D89]: _taskQueue_evaluate() with task timeline<com.apple.chronod.timeline-host::[app.traco::app.traco.widget:TracoWidget]>.CF130D89
2026-09-09 18:48:04.728 Df chronod[18271:10842b6] [com.apple.chrono:tasksession] [CF130D89]: _taskQueue_teardown() with task timeline<com.apple.chronod.timeline-host::[app.traco::app.traco.widget:TracoWidget]>.CF130D89
2026-09-09 18:48:04.728 Df chronod[18271:10842b6] [com.apple.chrono:tasksession] [CF130D89]: _taskQueue_complete() with task timeline<com.apple.chronod.timeline-host::[app.traco::app.traco.widget:TracoWidget]>.CF130D89
2026-09-09 18:48:04.728 Df chronod[18271:108388f] [com.apple.chrono:timeline.store] Task [40] [app.traco::app.traco.widget:TracoWidget] Completed
2026-09-09 18:48:04.728 Df chronod[18271:108388f] [com.apple.chrono:timeline.store] Task [40] [app.traco::app.traco.widget:TracoWidget] Reload success
2026-09-09 18:48:04.728 Df chronod[18271:108388f] [com.apple.chrono:timeline.store] Task [40] [app.traco::app.traco.widget:TracoWidget] New state: reload
2026-09-09 18:48:04.728 Df chronod[18271:108388f] [com.apple.chrono:timeline.store] Task [40] [app.traco::app.traco.widget:TracoWidget] Follow-on reload from completion needed: [[timelineExhausted-2026-09-09T21:48:04-03:00-budgeted-1]]
2026-09-09 18:48:04.728 Df chronod[18271:108388f] [com.apple.chrono:timeline.store] Task [41] [app.traco::app.traco.widget:TracoWidget] Preparing reload
2026-09-09 18:48:04.728 Df chronod[18271:108388f] [com.apple.chrono:timeline.store] Task [41] [app.traco::app.traco.widget:TracoWidget] Dispatching new task
2026-09-09 18:48:04.728 Df chronod[18271:108388f] [com.apple.chrono:timeline.store] Task [41] [app.traco::app.traco.widget:TracoWidget] Scheduling reload with configuration: [timelineExhausted-2026-09-09T21:48:04-03:00-budgeted-1]
2026-09-09 18:48:04.728 Df chronod[18271:108388f] [com.apple.chrono:timeline.store] [app.traco::app.traco.widget:TracoWidget] Not checking cache (timelineExhausted)
2026-09-09 18:48:04.728 Df chronod[18271:108388f] [com.apple.chrono:timeline.store] [app.traco::app.traco.widget:TracoWidget] scheduled [timelineExhausted-2026-09-09T21:48:04-03:00-budgeted-1]
2026-09-09 18:48:04.728 Df chronod[18271:108388f] [com.apple.chrono:taskservice] [32A3F26D]: task submitted timeline<com.apple.chronod.timeline-host::[app.traco::app.traco.widget:TracoWidget]>.32A3F26D
2026-09-09 18:48:04.733 Df chronod[18271:108388f] [com.apple.chrono:timeline.store] Task [41] [app.traco::app.traco.widget:TracoWidget] Scheduled with cancellable token: [<TaskService.TaskCancellable: TaskID: 32A3F26D>]
2026-09-09 18:48:12.194 Df chronod[18271:1083897] [com.apple.chrono:placeholder.store] app.traco::app.traco.widget:[app.traco::app.traco.widget:TracoWidget:accessoryRectangular::162.00/72.00/0.00:(null)~(null)] on local assertion released (0)
2026-09-09 18:48:12.194 Df chronod[18271:1083897] [com.apple.chrono:placeholder.store] app.traco::app.traco.widget:[app.traco::app.traco.widget:TracoWidget:accessoryRectangular::162.00/72.00/0.00:(null)~(null)] on local:[app.traco::app.traco.widget:TracoWidget
2026-09-09 18:48:12.194 Df chronod[18271:1083897] [com.apple.chrono:timeline.store] [app.traco::app.traco.widget:TracoWidget]:[app.traco::app.traco.widget:TracoWidget:accessoryRectangular::162.00/72.00/0.00:(null)~(null)] on local assertion released (1)
2026-09-09 18:48:12.528 Df chronod[18271:108388f] [com.apple.chrono:timeline.store] [app.traco::app.traco.widget:TracoWidget] Reload with configuration [externalRequest([source:<BSProcessHandle: 0x10b466250; Traco:20402; valid: YES>], reason: WidgetCenterServe
2026-09-09 18:48:12.528 Df chronod[18271:108388f] [com.apple.chrono:timeline.store] record reload: [app.traco::app.traco.widget:TracoWidget] = externalRequest([source:<BSProcessHandle: 0x10b466250; Traco:20402; valid: YES>], reason: WidgetCenterServer)
2026-09-09 18:48:12.528 Df chronod[18271:108388f] [com.apple.chrono:timeline.store] Task [42] [app.traco::app.traco.widget:TracoWidget] Preparing reload
2026-09-09 18:48:12.528 Df chronod[18271:108388f] [com.apple.chrono:timeline.store] Task [42] [app.traco::app.traco.widget:TracoWidget] Replacing all tasks
2026-09-09 18:48:12.528 Df chronod[18271:108388f] [com.apple.chrono:timeline.store] Task [42] [app.traco::app.traco.widget:TracoWidget] Dispatching new task
2026-09-09 18:48:12.528 Df chronod[18271:108388f] [com.apple.chrono:taskservice] [32A3F26D]: cancelling timeline<com.apple.chronod.timeline-host::[app.traco::app.traco.widget:TracoWidget]>.32A3F26D
2026-09-09 18:48:12.528 Df chronod[18271:108388f] [com.apple.chrono:timeline.store] Task [42] [app.traco::app.traco.widget:TracoWidget] Scheduling reload with configuration: [externalRequest([source:<BSProcessHandle: 0x10b466250; Traco:20402; valid: YES>], rea
2026-09-09 18:48:12.528 Df chronod[18271:10849b6] [com.apple.chrono:timeline.store] Task [41] [app.traco::app.traco.widget:TracoWidget] Completed
2026-09-09 18:48:12.528 Df chronod[18271:10849b6] [com.apple.chrono:timeline.store] Task [41] [app.traco::app.traco.widget:TracoWidget] Ignored as it was replaced by task [42]
2026-09-09 18:48:12.528 Df chronod[18271:10849b6] [com.apple.chrono:timeline.store] [app.traco::app.traco.widget:TracoWidget] Not checking cache (externalRequest([source:<BSProcessHandle: 0x10b466250; Traco:20402; valid: YES>], reason: WidgetCenterServer))
2026-09-09 18:48:12.529 Df chronod[18271:10849b6] [com.apple.chrono:timeline.store] [app.traco::app.traco.widget:TracoWidget] scheduled [externalRequest([source:<BSProcessHandle: 0x10b466250; Traco:20402; valid: YES>], reason: WidgetCenterServer)-immediate-fre
2026-09-09 18:48:12.529 Df chronod[18271:10849b6] [com.apple.chrono:taskservice] [17AC784D]: task submitted timeline<com.apple.chronod.timeline-host::[app.traco::app.traco.widget:TracoWidget]>.17AC784D
2026-09-09 18:48:12.533 Df chronod[18271:10849b6] [com.apple.chrono:taskservice] [17AC784D]: timeline<com.apple.chronod.timeline-host::[app.traco::app.traco.widget:TracoWidget]>.17AC784D overridden for budget exempt reason: containerApp-ExemptReason
2026-09-09 18:48:12.534 Df chronod[18271:10849b6] [com.apple.chrono:timeline.store] Task [42] [app.traco::app.traco.widget:TracoWidget] Scheduled with cancellable token: [<TaskService.TaskCancellable: TaskID: 17AC784D>]
2026-09-09 18:48:12.543 Df chronod[18271:108388f] [com.apple.chrono:taskservice] Add pending task: timeline<com.apple.chronod.timeline-host::[app.traco::app.traco.widget:TracoWidget]>.17AC784D
2026-09-09 18:48:12.543 Df chronod[18271:108388f] [com.apple.chrono:taskservice] Remove pending task: timeline<com.apple.chronod.timeline-host::[app.traco::app.traco.widget:TracoWidget]>.17AC784D
2026-09-09 18:48:12.543 Df chronod[18271:108388f] [com.apple.chrono:taskservice] [17AC784D]: starting pended task timeline<com.apple.chronod.timeline-host::[app.traco::app.traco.widget:TracoWidget]>.17AC784D; pendingTasks.count = 0
2026-09-09 18:48:12.543 Df chronod[18271:1083896] [com.apple.chrono:tasksession] [17AC784D]: start() with task timeline<com.apple.chronod.timeline-host::[app.traco::app.traco.widget:TracoWidget]>.17AC784D
2026-09-09 18:48:12.547 Df chronod[18271:1083896] [com.apple.chrono:tasksession] [17AC784D]: _taskQueue_setup() with task timeline<com.apple.chronod.timeline-host::[app.traco::app.traco.widget:TracoWidget]>.17AC784D
2026-09-09 18:48:12.554 Df chronod[18271:1083896] [com.apple.chrono:keepalive] Added: <Task BB0DA9C0-71A2-4EEB-99A6-B093B863589A: timeline<com.apple.chronod.timeline-host::[app.traco::app.traco.widget:TracoWidget]>>
2026-09-09 18:48:12.554 Df chronod[18271:1083896] [com.apple.chrono:tasksession] [17AC784D]: _taskQueue_execute() with task timeline<com.apple.chronod.timeline-host::[app.traco::app.traco.widget:TracoWidget]>.17AC784D
2026-09-09 18:48:12.554 Df chronod[18271:1083896] [com.apple.chrono:timeline.store] [app.traco::app.traco.widget:TracoWidget] reload: begin
2026-09-09 18:48:12.669 Df chronod[18271:1083896] [com.apple.chrono:timeline.store] [app.traco::app.traco.widget:TracoWidget:accessoryInline::342.00/36.00/0.00:(null)~(null)] on local reload: succeeded with 6 entries
2026-09-09 18:48:12.673 Df chronod[18271:1083896] [com.apple.chrono:timeline.store] [app.traco::app.traco.widget:TracoWidget:accessoryRectangular::162.00/72.00/0.00:(null)~(null)] on local reload: succeeded with 6 entries
2026-09-09 18:48:12.678 Df chronod[18271:1083896] [com.apple.chrono:timeline.store] [app.traco::app.traco.widget:TracoWidget:accessoryInline::216.33/36.00/0.00:(null)~(null)] on local reload: succeeded with 6 entries
2026-09-09 18:48:12.678 Df chronod[18271:1083896] [com.apple.chrono:timeline.store] [app.traco::app.traco.widget:TracoWidget] reload: succeeded
2026-09-09 18:48:12.679 Df chronod[18271:108388f] [com.apple.chrono:keepalive] Removed: <Task BB0DA9C0-71A2-4EEB-99A6-B093B863589A: timeline<com.apple.chronod.timeline-host::[app.traco::app.traco.widget:TracoWidget]>>
2026-09-09 18:48:12.679 Df chronod[18271:108388f] [com.apple.chrono:tasksession] [17AC784D]: _taskQueue_evaluate() with task timeline<com.apple.chronod.timeline-host::[app.traco::app.traco.widget:TracoWidget]>.17AC784D
2026-09-09 18:48:12.679 Df chronod[18271:108388f] [com.apple.chrono:tasksession] [17AC784D]: _taskQueue_teardown() with task timeline<com.apple.chronod.timeline-host::[app.traco::app.traco.widget:TracoWidget]>.17AC784D
2026-09-09 18:48:12.679 Df chronod[18271:1083896] [com.apple.chrono:timeline.store] Task [42] [app.traco::app.traco.widget:TracoWidget] Completed
2026-09-09 18:48:12.679 Df chronod[18271:108388f] [com.apple.chrono:tasksession] [17AC784D]: _taskQueue_complete() with task timeline<com.apple.chronod.timeline-host::[app.traco::app.traco.widget:TracoWidget]>.17AC784D
2026-09-09 18:48:12.680 Df chronod[18271:1083896] [com.apple.chrono:timeline.store] Task [42] [app.traco::app.traco.widget:TracoWidget] Reload success
2026-09-09 18:48:12.680 Df chronod[18271:1083896] [com.apple.chrono:timeline.store] Task [42] [app.traco::app.traco.widget:TracoWidget] New state: reload
2026-09-09 18:48:12.681 Df chronod[18271:1083896] [com.apple.chrono:timeline.store] Task [42] [app.traco::app.traco.widget:TracoWidget] Follow-on reload from completion needed: [[timelineExhausted-2026-09-09T21:48:12-03:00-budgeted-1]]
2026-09-09 18:48:12.681 Df chronod[18271:1083896] [com.apple.chrono:timeline.store] Task [43] [app.traco::app.traco.widget:TracoWidget] Preparing reload
2026-09-09 18:48:12.681 Df chronod[18271:1083896] [com.apple.chrono:timeline.store] Task [43] [app.traco::app.traco.widget:TracoWidget] Dispatching new task
2026-09-09 18:48:12.682 Df chronod[18271:1083896] [com.apple.chrono:timeline.store] Task [43] [app.traco::app.traco.widget:TracoWidget] Scheduling reload with configuration: [timelineExhausted-2026-09-09T21:48:12-03:00-budgeted-1]
2026-09-09 18:48:12.682 Df chronod[18271:1083896] [com.apple.chrono:timeline.store] [app.traco::app.traco.widget:TracoWidget] Not checking cache (timelineExhausted)
2026-09-09 18:48:12.683 Df chronod[18271:1083896] [com.apple.chrono:timeline.store] [app.traco::app.traco.widget:TracoWidget] scheduled [timelineExhausted-2026-09-09T21:48:12-03:00-budgeted-1]
2026-09-09 18:48:12.683 Df chronod[18271:1083896] [com.apple.chrono:taskservice] [7BD8621A]: task submitted timeline<com.apple.chronod.timeline-host::[app.traco::app.traco.widget:TracoWidget]>.7BD8621A
2026-09-09 18:48:12.686 Df chronod[18271:1083896] [com.apple.chrono:taskservice] [7BD8621A]: timeline<com.apple.chronod.timeline-host::[app.traco::app.traco.widget:TracoWidget]>.7BD8621A overridden for budget exempt reason: containerApp-ExemptReason
2026-09-09 18:48:12.687 Df chronod[18271:1083896] [com.apple.chrono:timeline.store] Task [43] [app.traco::app.traco.widget:TracoWidget] Scheduled with cancellable token: [<TaskService.TaskCancellable: TaskID: 7BD8621A>]
2026-09-09 18:48:12.825 Df chronod[18271:108388f] [com.apple.chrono:timeline.store] [app.traco::app.traco.widget:TracoWidget] Reload with configuration [externalRequestThrottledRetry(externalRequest([source:unknown], reason: ExternalRequestTimelineReloadFilter
2026-09-09 18:48:12.825 Df chronod[18271:108388f] [com.apple.chrono:timeline.store] record reload: [app.traco::app.traco.widget:TracoWidget] = externalRequestThrottledRetry(externalRequest([source:unknown], reason: ExternalRequestTimelineReloadFilter - unwindi
2026-09-09 18:48:12.825 Df chronod[18271:108388f] [com.apple.chrono:timeline.store] Task [44] [app.traco::app.traco.widget:TracoWidget] Preparing reload
2026-09-09 18:48:12.825 Df chronod[18271:108388f] [com.apple.chrono:timeline.store] Task [44] [app.traco::app.traco.widget:TracoWidget] Replacing all tasks
2026-09-09 18:48:12.825 Df chronod[18271:108388f] [com.apple.chrono:timeline.store] Task [44] [app.traco::app.traco.widget:TracoWidget] Dispatching new task
2026-09-09 18:48:12.826 Df chronod[18271:108388f] [com.apple.chrono:taskservice] [7BD8621A]: cancelling timeline<com.apple.chronod.timeline-host::[app.traco::app.traco.widget:TracoWidget]>.7BD8621A
2026-09-09 18:48:12.826 Df chronod[18271:108388f] [com.apple.chrono:timeline.store] Task [44] [app.traco::app.traco.widget:TracoWidget] Scheduling reload with configuration: [externalRequestThrottledRetry(externalRequest([source:unknown], reason: ExternalReque
2026-09-09 18:48:12.826 Df chronod[18271:10842b6] [com.apple.chrono:timeline.store] Task [43] [app.traco::app.traco.widget:TracoWidget] Completed
2026-09-09 18:48:12.826 Df chronod[18271:10842b6] [com.apple.chrono:timeline.store] Task [43] [app.traco::app.traco.widget:TracoWidget] Ignored as it was replaced by task [44]
2026-09-09 18:48:12.826 Df chronod[18271:10842b6] [com.apple.chrono:timeline.store] [app.traco::app.traco.widget:TracoWidget] Not checking cache (externalRequestThrottledRetry(externalRequest([source:unknown], reason: ExternalRequestTimelineReloadFilter - unwi
2026-09-09 18:48:12.826 Df chronod[18271:10842b6] [com.apple.chrono:timeline.store] [app.traco::app.traco.widget:TracoWidget] scheduled [externalRequestThrottledRetry(externalRequest([source:unknown], reason: ExternalRequestTimelineReloadFilter - unwindingPend
2026-09-09 18:48:12.826 Df chronod[18271:10842b6] [com.apple.chrono:taskservice] [DD0E5B82]: task submitted timeline<com.apple.chronod.timeline-host::[app.traco::app.traco.widget:TracoWidget]>.DD0E5B82
2026-09-09 18:48:12.830 Df chronod[18271:10842b6] [com.apple.chrono:taskservice] [DD0E5B82]: timeline<com.apple.chronod.timeline-host::[app.traco::app.traco.widget:TracoWidget]>.DD0E5B82 overridden for budget exempt reason: free
2026-09-09 18:48:12.830 Df chronod[18271:10842b6] [com.apple.chrono:timeline.store] Task [44] [app.traco::app.traco.widget:TracoWidget] Scheduled with cancellable token: [<TaskService.TaskCancellable: TaskID: DD0E5B82>]
2026-09-09 18:48:12.830 Df chronod[18271:1085055] [com.apple.chrono:taskservice] Add pending task: timeline<com.apple.chronod.timeline-host::[app.traco::app.traco.widget:TracoWidget]>.DD0E5B82
2026-09-09 18:48:12.885 Df chronod[18271:108388f] [com.apple.chrono:taskservice] Remove pending task: timeline<com.apple.chronod.timeline-host::[app.traco::app.traco.widget:TracoWidget]>.DD0E5B82
2026-09-09 18:48:12.885 Df chronod[18271:108388f] [com.apple.chrono:taskservice] [DD0E5B82]: starting pended task timeline<com.apple.chronod.timeline-host::[app.traco::app.traco.widget:TracoWidget]>.DD0E5B82; pendingTasks.count = 0
2026-09-09 18:48:12.885 Df chronod[18271:10849b6] [com.apple.chrono:tasksession] [DD0E5B82]: start() with task timeline<com.apple.chronod.timeline-host::[app.traco::app.traco.widget:TracoWidget]>.DD0E5B82
2026-09-09 18:48:12.885 Df chronod[18271:10849b6] [com.apple.chrono:tasksession] [DD0E5B82]: _taskQueue_setup() with task timeline<com.apple.chronod.timeline-host::[app.traco::app.traco.widget:TracoWidget]>.DD0E5B82
2026-09-09 18:48:12.895 Df chronod[18271:10849b6] [com.apple.chrono:keepalive] Added: <Task 46D76CC1-5D90-4697-9D90-A9CB97E58CB2: timeline<com.apple.chronod.timeline-host::[app.traco::app.traco.widget:TracoWidget]>>
2026-09-09 18:48:12.895 Df chronod[18271:10849b6] [com.apple.chrono:tasksession] [DD0E5B82]: _taskQueue_execute() with task timeline<com.apple.chronod.timeline-host::[app.traco::app.traco.widget:TracoWidget]>.DD0E5B82
2026-09-09 18:48:12.895 Df chronod[18271:10849b6] [com.apple.chrono:timeline.store] [app.traco::app.traco.widget:TracoWidget] reload: begin
2026-09-09 18:48:13.022 Df chronod[18271:10849b6] [com.apple.chrono:timeline.store] [app.traco::app.traco.widget:TracoWidget:accessoryInline::216.33/36.00/0.00:(null)~(null)] on local reload: succeeded with 6 entries
2026-09-09 18:48:13.028 Df chronod[18271:10849b6] [com.apple.chrono:timeline.store] [app.traco::app.traco.widget:TracoWidget:accessoryInline::342.00/36.00/0.00:(null)~(null)] on local reload: succeeded with 6 entries
2026-09-09 18:48:13.032 Df chronod[18271:10849b6] [com.apple.chrono:timeline.store] [app.traco::app.traco.widget:TracoWidget:accessoryRectangular::162.00/72.00/0.00:(null)~(null)] on local reload: succeeded with 6 entries
2026-09-09 18:48:13.032 Df chronod[18271:10849b6] [com.apple.chrono:timeline.store] [app.traco::app.traco.widget:TracoWidget] reload: succeeded
2026-09-09 18:48:13.032 Df chronod[18271:108388f] [com.apple.chrono:keepalive] Removed: <Task 46D76CC1-5D90-4697-9D90-A9CB97E58CB2: timeline<com.apple.chronod.timeline-host::[app.traco::app.traco.widget:TracoWidget]>>
2026-09-09 18:48:13.032 Df chronod[18271:108388f] [com.apple.chrono:tasksession] [DD0E5B82]: _taskQueue_evaluate() with task timeline<com.apple.chronod.timeline-host::[app.traco::app.traco.widget:TracoWidget]>.DD0E5B82
2026-09-09 18:48:13.032 Df chronod[18271:108388f] [com.apple.chrono:tasksession] [DD0E5B82]: _taskQueue_teardown() with task timeline<com.apple.chronod.timeline-host::[app.traco::app.traco.widget:TracoWidget]>.DD0E5B82
2026-09-09 18:48:13.032 Df chronod[18271:10849b6] [com.apple.chrono:timeline.store] Task [44] [app.traco::app.traco.widget:TracoWidget] Completed
2026-09-09 18:48:13.032 Df chronod[18271:108388f] [com.apple.chrono:tasksession] [DD0E5B82]: _taskQueue_complete() with task timeline<com.apple.chronod.timeline-host::[app.traco::app.traco.widget:TracoWidget]>.DD0E5B82
2026-09-09 18:48:13.033 Df chronod[18271:10849b6] [com.apple.chrono:timeline.store] Task [44] [app.traco::app.traco.widget:TracoWidget] Reload success
2026-09-09 18:48:13.033 Df chronod[18271:10849b6] [com.apple.chrono:timeline.store] Task [44] [app.traco::app.traco.widget:TracoWidget] New state: reload
2026-09-09 18:48:13.033 Df chronod[18271:10849b6] [com.apple.chrono:timeline.store] Task [44] [app.traco::app.traco.widget:TracoWidget] Follow-on reload from completion needed: [[timelineExhausted-2026-09-09T21:48:12-03:00-budgeted-1]]
2026-09-09 18:48:13.033 Df chronod[18271:10849b6] [com.apple.chrono:timeline.store] Task [45] [app.traco::app.traco.widget:TracoWidget] Preparing reload
2026-09-09 18:48:13.033 Df chronod[18271:10849b6] [com.apple.chrono:timeline.store] Task [45] [app.traco::app.traco.widget:TracoWidget] Dispatching new task
2026-09-09 18:48:13.033 Df chronod[18271:10849b6] [com.apple.chrono:timeline.store] Task [45] [app.traco::app.traco.widget:TracoWidget] Scheduling reload with configuration: [timelineExhausted-2026-09-09T21:48:12-03:00-budgeted-1]
2026-09-09 18:48:13.033 Df chronod[18271:10849b6] [com.apple.chrono:timeline.store] [app.traco::app.traco.widget:TracoWidget] Not checking cache (timelineExhausted)
2026-09-09 18:48:13.034 Df chronod[18271:10849b6] [com.apple.chrono:timeline.store] [app.traco::app.traco.widget:TracoWidget] scheduled [timelineExhausted-2026-09-09T21:48:12-03:00-budgeted-1]
2026-09-09 18:48:13.034 Df chronod[18271:10849b6] [com.apple.chrono:taskservice] [6BD0AEC8]: task submitted timeline<com.apple.chronod.timeline-host::[app.traco::app.traco.widget:TracoWidget]>.6BD0AEC8
2026-09-09 18:48:13.037 Df chronod[18271:10849b6] [com.apple.chrono:timeline.store] Task [45] [app.traco::app.traco.widget:TracoWidget] Scheduled with cancellable token: [<TaskService.TaskCancellable: TaskID: 6BD0AEC8>]
2026-09-09 18:48:16.417 Df chronod[18271:1085055] [com.apple.chrono:timeline.store] [app.traco::app.traco.widget:TracoWidget] Clearing environment mismatch loop/history.
2026-09-09 18:48:16.417 Df chronod[18271:1085055] [com.apple.chrono:placeholder.store] app.traco::app.traco.widget:[app.traco::app.traco.widget:TracoWidget:accessoryRectangular::162.00/72.00/0.00:(null)~(null)] on local assertion: acquired (1)
2026-09-09 18:48:16.417 Df chronod[18271:1085055] [com.apple.chrono:widgetEntryDescriptorObserver-verbose] [Placeholder] Updating descriptor: [app.traco::app.traco.widget:TracoWidget:accessoryRectangular::(null)~(null)] with: <CHSWidgetDescriptor: 0x10a66d900>
    extensionIdentity = app.traco::app.traco.widget;
    kind = TracoWidget;
    displayName = Traço;
    intentType = 0x0;
    enabled = YES;
    enablement = 0;
    version = 2;
    preferredBackgroundStyle = 0;
    supportsVibrantContent = NO;
    supportsAccentedContent = YES;
    backgroundRemovable = YES;
    sdkVersion = 26.5;
    platform = 3;
    hasDefaultIntent = NO;
    supportedFamilies = "(systemSmall, systemMedium, accessoryRectangular, accessoryInline)";
    localeToken = S4H7s19cZ57CBvXPf6kKtDDlADA=;
    spatialChromeStyles = (none);
    spatialSurface = glass;
    wantsLiveScene = NO;
    requestedDataProtection = 2;
    widgetDescription = "A única coisa de hoje, o que vem a seguir e um toque para começar.";
    configurationBackgroundColor = 0x0;
    configurationAccentColor = 0x0;
}
2026-09-09 18:48:16.417 Df chronod[18271:1085055] [com.apple.chrono:placeholder.store] app.traco::app.traco.widget:[app.traco::app.traco.widget:TracoWidget:accessoryRectangular::162.00/72.00/0.00:(null)~(null)] on local Add to store.  Marked as state: reload
2026-09-09 18:48:16.418 Df chronod[18271:1085055] [com.apple.chrono:placeholder] Acquired lifetime assertion for: app.traco::app.traco.widget:TracoWidget:accessoryRectangular
2026-09-09 18:48:16.418 Df chronod[18271:1085055] [com.apple.chrono:timeline.store] [app.traco::app.traco.widget:TracoWidget]:[app.traco::app.traco.widget:TracoWidget:accessoryRectangular::162.00/72.00/0.00:(null)~(null)] on local assertion: acquired (2)
2026-09-09 18:48:16.424 Df chronod[18271:1085055] [com.apple.chrono:timeline.store] [app.traco::app.traco.widget:TracoWidget] Reload with configuration [environmentMismatch-immediate-free-1]
2026-09-09 18:48:16.424 Df chronod[18271:1085055] [com.apple.chrono:timeline.store] record reload: [app.traco::app.traco.widget:TracoWidget] = environmentMismatch
2026-09-09 18:48:16.424 Df chronod[18271:1085055] [com.apple.chrono:timeline.store] Task [46] [app.traco::app.traco.widget:TracoWidget] Preparing reload
2026-09-09 18:48:16.424 Df chronod[18271:1085055] [com.apple.chrono:timeline.store] Task [46] [app.traco::app.traco.widget:TracoWidget] Replacing all tasks
2026-09-09 18:48:16.424 Df chronod[18271:1085055] [com.apple.chrono:timeline.store] Task [46] [app.traco::app.traco.widget:TracoWidget] Dispatching new task
2026-09-09 18:48:16.424 Df chronod[18271:1085055] [com.apple.chrono:taskservice] [6BD0AEC8]: cancelling timeline<com.apple.chronod.timeline-host::[app.traco::app.traco.widget:TracoWidget]>.6BD0AEC8
2026-09-09 18:48:16.424 Df chronod[18271:1085055] [com.apple.chrono:timeline.store] Task [46] [app.traco::app.traco.widget:TracoWidget] Scheduling reload with configuration: [environmentMismatch-immediate-free-1]
2026-09-09 18:48:16.424 Df chronod[18271:1083896] [com.apple.chrono:timeline.store] Task [45] [app.traco::app.traco.widget:TracoWidget] Completed
2026-09-09 18:48:16.424 Df chronod[18271:1083896] [com.apple.chrono:timeline.store] Task [45] [app.traco::app.traco.widget:TracoWidget] Ignored as it was replaced by task [46]
2026-09-09 18:48:16.424 Df chronod[18271:1083896] [com.apple.chrono:timeline.store] [app.traco::app.traco.widget:TracoWidget] Not checking cache (environmentMismatch)
2026-09-09 18:48:16.424 Df chronod[18271:1083896] [com.apple.chrono:timeline.store] [app.traco::app.traco.widget:TracoWidget] scheduled [environmentMismatch-immediate-free-1]
2026-09-09 18:48:16.424 Df chronod[18271:1083896] [com.apple.chrono:taskservice] [ABD411F8]: task submitted timeline<com.apple.chronod.timeline-host::[app.traco::app.traco.widget:TracoWidget]>.ABD411F8
2026-09-09 18:48:16.428 Df chronod[18271:1083896] [com.apple.chrono:taskservice] [ABD411F8]: timeline<com.apple.chronod.timeline-host::[app.traco::app.traco.widget:TracoWidget]>.ABD411F8 overridden for budget exempt reason: free
2026-09-09 18:48:16.428 Df chronod[18271:1083896] [com.apple.chrono:timeline.store] Task [46] [app.traco::app.traco.widget:TracoWidget] Scheduled with cancellable token: [<TaskService.TaskCancellable: TaskID: ABD411F8>]
2026-09-09 18:48:16.428 Df chronod[18271:1085055] [com.apple.chrono:taskservice] Add pending task: timeline<com.apple.chronod.timeline-host::[app.traco::app.traco.widget:TracoWidget]>.ABD411F8
2026-09-09 18:48:16.428 Df chronod[18271:1085055] [com.apple.chrono:taskservice] Remove pending task: timeline<com.apple.chronod.timeline-host::[app.traco::app.traco.widget:TracoWidget]>.ABD411F8
2026-09-09 18:48:16.428 Df chronod[18271:1085055] [com.apple.chrono:taskservice] [ABD411F8]: starting pended task timeline<com.apple.chronod.timeline-host::[app.traco::app.traco.widget:TracoWidget]>.ABD411F8; pendingTasks.count = 0
2026-09-09 18:48:16.428 Df chronod[18271:1083896] [com.apple.chrono:tasksession] [ABD411F8]: start() with task timeline<com.apple.chronod.timeline-host::[app.traco::app.traco.widget:TracoWidget]>.ABD411F8
2026-09-09 18:48:16.428 Df chronod[18271:1083896] [com.apple.chrono:tasksession] [ABD411F8]: _taskQueue_setup() with task timeline<com.apple.chronod.timeline-host::[app.traco::app.traco.widget:TracoWidget]>.ABD411F8
2026-09-09 18:48:16.437 Df chronod[18271:1083896] [com.apple.chrono:keepalive] Added: <Task 6B6C5B83-E0AD-4433-88E8-ED95B32D2719: timeline<com.apple.chronod.timeline-host::[app.traco::app.traco.widget:TracoWidget]>>
2026-09-09 18:48:16.437 Df chronod[18271:1083896] [com.apple.chrono:tasksession] [ABD411F8]: _taskQueue_execute() with task timeline<com.apple.chronod.timeline-host::[app.traco::app.traco.widget:TracoWidget]>.ABD411F8
2026-09-09 18:48:16.437 Df chronod[18271:1083896] [com.apple.chrono:timeline.store] [app.traco::app.traco.widget:TracoWidget] reload: begin
2026-09-09 18:48:16.489 Df chronod[18271:1083896] [com.apple.chrono:timeline.store] [app.traco::app.traco.widget:TracoWidget] Reload with configuration [environmentMismatch-immediate-free-1]
2026-09-09 18:48:16.489 E  chronod[18271:1083896] [com.apple.chrono:timeline.store] [app.traco::app.traco.widget:TracoWidget] Reload loop detected for reason: environmentMismatch; delaying reload to 2026-09-09T18:48:46-03:00
2026-09-09 18:48:16.489 Df chronod[18271:1083896] [com.apple.chrono:timeline.store] record reload: [app.traco::app.traco.widget:TracoWidget] = environmentMismatch
2026-09-09 18:48:16.489 Df chronod[18271:1083896] [com.apple.chrono:timeline.store] Task [47] [app.traco::app.traco.widget:TracoWidget] Preparing reload
2026-09-09 18:48:16.489 Df chronod[18271:1083896] [com.apple.chrono:timeline.store] Task [47] [app.traco::app.traco.widget:TracoWidget] Replacing all tasks
2026-09-09 18:48:16.489 Df chronod[18271:1083896] [com.apple.chrono:timeline.store] Task [47] [app.traco::app.traco.widget:TracoWidget] Dispatching new task
2026-09-09 18:48:16.489 Df chronod[18271:1083896] [com.apple.chrono:timeline.store] Task [47] [app.traco::app.traco.widget:TracoWidget] Scheduling reload with configuration: [environmentMismatch-immediate-free-1]
2026-09-09 18:48:16.489 Df chronod[18271:10842b6] [com.apple.chrono:timeline.store] [app.traco::app.traco.widget:TracoWidget] Not checking cache (environmentMismatch)
2026-09-09 18:48:16.489 Df chronod[18271:10842b6] [com.apple.chrono:timeline.store] [app.traco::app.traco.widget:TracoWidget] scheduled [environmentMismatch-immediate-free-1]
2026-09-09 18:48:16.489 Df chronod[18271:10842b6] [com.apple.chrono:taskservice] [56F4D6F6]: task submitted timeline<com.apple.chronod.timeline-host::[app.traco::app.traco.widget:TracoWidget]>.56F4D6F6
2026-09-09 18:48:16.494 Df chronod[18271:10842b6] [com.apple.chrono:taskservice] [56F4D6F6]: timeline<com.apple.chronod.timeline-host::[app.traco::app.traco.widget:TracoWidget]>.56F4D6F6 overridden for budget exempt reason: free
2026-09-09 18:48:16.494 Df chronod[18271:10842b6] [com.apple.chrono:timeline.store] Task [47] [app.traco::app.traco.widget:TracoWidget] Scheduled with cancellable token: [<TaskService.TaskCancellable: TaskID: 56F4D6F6>]
2026-09-09 18:48:16.494 Df chronod[18271:1083896] [com.apple.chrono:taskservice] Add pending task: timeline<com.apple.chronod.timeline-host::[app.traco::app.traco.widget:TracoWidget]>.56F4D6F6
2026-09-09 18:48:17.545 Df chronod[18271:1083896] [com.apple.chrono:timeline.store] [app.traco::app.traco.widget:TracoWidget:accessoryRectangular::162.00/72.00/0.00:(null)~(null)] on local reload: succeeded with 6 entries
2026-09-09 18:48:17.550 Df chronod[18271:1083896] [com.apple.chrono:timeline.store] [app.traco::app.traco.widget:TracoWidget:accessoryInline::216.33/36.00/0.00:(null)~(null)] on local reload: succeeded with 6 entries
2026-09-09 18:48:17.558 Df chronod[18271:1083896] [com.apple.chrono:timeline.store] [app.traco::app.traco.widget:TracoWidget:accessoryInline::342.00/36.00/0.00:(null)~(null)] on local reload: succeeded with 6 entries
2026-09-09 18:48:17.558 Df chronod[18271:1083896] [com.apple.chrono:timeline.store] [app.traco::app.traco.widget:TracoWidget] reload: succeeded
2026-09-09 18:48:17.558 Df chronod[18271:10842b6] [com.apple.chrono:keepalive] Removed: <Task 6B6C5B83-E0AD-4433-88E8-ED95B32D2719: timeline<com.apple.chronod.timeline-host::[app.traco::app.traco.widget:TracoWidget]>>
2026-09-09 18:48:17.558 Df chronod[18271:10842b6] [com.apple.chrono:tasksession] [ABD411F8]: _taskQueue_evaluate() with task timeline<com.apple.chronod.timeline-host::[app.traco::app.traco.widget:TracoWidget]>.ABD411F8
2026-09-09 18:48:17.558 Df chronod[18271:10842b6] [com.apple.chrono:tasksession] [ABD411F8]: _taskQueue_teardown() with task timeline<com.apple.chronod.timeline-host::[app.traco::app.traco.widget:TracoWidget]>.ABD411F8
2026-09-09 18:48:17.558 Df chronod[18271:10842b6] [com.apple.chrono:tasksession] [ABD411F8]: _taskQueue_complete() with task timeline<com.apple.chronod.timeline-host::[app.traco::app.traco.widget:TracoWidget]>.ABD411F8
2026-09-09 18:48:17.558 Df chronod[18271:10849b6] [com.apple.chrono:timeline.store] Task [46] [app.traco::app.traco.widget:TracoWidget] Completed
2026-09-09 18:48:17.558 Df chronod[18271:10849b6] [com.apple.chrono:timeline.store] Task [46] [app.traco::app.traco.widget:TracoWidget] Ignored as it was replaced by task [47]
2026-09-09 18:48:17.559 Df chronod[18271:1085055] [com.apple.chrono:taskservice] Remove pending task: timeline<com.apple.chronod.timeline-host::[app.traco::app.traco.widget:TracoWidget]>.56F4D6F6
2026-09-09 18:48:17.559 Df chronod[18271:1085055] [com.apple.chrono:taskservice] [56F4D6F6]: starting pended task timeline<com.apple.chronod.timeline-host::[app.traco::app.traco.widget:TracoWidget]>.56F4D6F6; pendingTasks.count = 0
2026-09-09 18:48:17.559 Df chronod[18271:108388f] [com.apple.chrono:tasksession] [56F4D6F6]: start() with task timeline<com.apple.chronod.timeline-host::[app.traco::app.traco.widget:TracoWidget]>.56F4D6F6
2026-09-09 18:48:17.559 Df chronod[18271:108388f] [com.apple.chrono:tasksession] [56F4D6F6]: _taskQueue_setup() with task timeline<com.apple.chronod.timeline-host::[app.traco::app.traco.widget:TracoWidget]>.56F4D6F6
2026-09-09 18:48:17.568 Df chronod[18271:108388f] [com.apple.chrono:keepalive] Added: <Task 3500B623-12AD-447F-8825-8910E69C778B: timeline<com.apple.chronod.timeline-host::[app.traco::app.traco.widget:TracoWidget]>>
2026-09-09 18:48:17.568 Df chronod[18271:108388f] [com.apple.chrono:tasksession] [56F4D6F6]: _taskQueue_execute() with task timeline<com.apple.chronod.timeline-host::[app.traco::app.traco.widget:TracoWidget]>.56F4D6F6
2026-09-09 18:48:17.568 Df chronod[18271:108388f] [com.apple.chrono:timeline.store] [app.traco::app.traco.widget:TracoWidget] reload: begin
2026-09-09 18:48:18.471 Df chronod[18271:10849b6] [com.apple.chrono:timeline.store] [app.traco::app.traco.widget:TracoWidget:accessoryInline::342.00/36.00/0.00:(null)~(null)] on local reload: succeeded with 6 entries
2026-09-09 18:48:18.475 Df chronod[18271:10849b6] [com.apple.chrono:timeline.store] [app.traco::app.traco.widget:TracoWidget:accessoryRectangular::162.00/72.00/0.00:(null)~(null)] on local reload: succeeded with 6 entries
2026-09-09 18:48:18.480 Df chronod[18271:10849b6] [com.apple.chrono:timeline.store] [app.traco::app.traco.widget:TracoWidget:accessoryInline::216.33/36.00/0.00:(null)~(null)] on local reload: succeeded with 6 entries
2026-09-09 18:48:18.480 Df chronod[18271:10849b6] [com.apple.chrono:timeline.store] [app.traco::app.traco.widget:TracoWidget] reload: succeeded
2026-09-09 18:48:18.480 Df chronod[18271:1085055] [com.apple.chrono:keepalive] Removed: <Task 3500B623-12AD-447F-8825-8910E69C778B: timeline<com.apple.chronod.timeline-host::[app.traco::app.traco.widget:TracoWidget]>>
2026-09-09 18:48:18.480 Df chronod[18271:1085055] [com.apple.chrono:tasksession] [56F4D6F6]: _taskQueue_evaluate() with task timeline<com.apple.chronod.timeline-host::[app.traco::app.traco.widget:TracoWidget]>.56F4D6F6
2026-09-09 18:48:18.480 Df chronod[18271:1085055] [com.apple.chrono:tasksession] [56F4D6F6]: _taskQueue_teardown() with task timeline<com.apple.chronod.timeline-host::[app.traco::app.traco.widget:TracoWidget]>.56F4D6F6
2026-09-09 18:48:18.480 Df chronod[18271:10849b6] [com.apple.chrono:timeline.store] Task [47] [app.traco::app.traco.widget:TracoWidget] Completed
2026-09-09 18:48:18.480 Df chronod[18271:1085055] [com.apple.chrono:tasksession] [56F4D6F6]: _taskQueue_complete() with task timeline<com.apple.chronod.timeline-host::[app.traco::app.traco.widget:TracoWidget]>.56F4D6F6
2026-09-09 18:48:18.480 Df chronod[18271:10849b6] [com.apple.chrono:timeline.store] Task [47] [app.traco::app.traco.widget:TracoWidget] Reload success
2026-09-09 18:48:18.481 Df chronod[18271:10849b6] [com.apple.chrono:timeline.store] Task [47] [app.traco::app.traco.widget:TracoWidget] New state: reload
2026-09-09 18:48:18.481 Df chronod[18271:10849b6] [com.apple.chrono:timeline.store] Task [47] [app.traco::app.traco.widget:TracoWidget] Follow-on reload from completion needed: [[timelineExhausted-2026-09-09T21:48:17-03:00-budgeted-1]]
2026-09-09 18:48:18.481 Df chronod[18271:10849b6] [com.apple.chrono:timeline.store] Task [48] [app.traco::app.traco.widget:TracoWidget] Preparing reload
2026-09-09 18:48:18.481 Df chronod[18271:10849b6] [com.apple.chrono:timeline.store] Task [48] [app.traco::app.traco.widget:TracoWidget] Dispatching new task
2026-09-09 18:48:18.481 Df chronod[18271:10849b6] [com.apple.chrono:timeline.store] Task [48] [app.traco::app.traco.widget:TracoWidget] Scheduling reload with configuration: [timelineExhausted-2026-09-09T21:48:17-03:00-budgeted-1]
2026-09-09 18:48:18.481 Df chronod[18271:10849b6] [com.apple.chrono:timeline.store] [app.traco::app.traco.widget:TracoWidget] Not checking cache (timelineExhausted)
2026-09-09 18:48:18.481 Df chronod[18271:10849b6] [com.apple.chrono:timeline.store] [app.traco::app.traco.widget:TracoWidget] scheduled [timelineExhausted-2026-09-09T21:48:17-03:00-budgeted-1]
2026-09-09 18:48:18.481 Df chronod[18271:10849b6] [com.apple.chrono:taskservice] [ED3D9B8C]: task submitted timeline<com.apple.chronod.timeline-host::[app.traco::app.traco.widget:TracoWidget]>.ED3D9B8C
2026-09-09 18:48:18.485 Df chronod[18271:10849b6] [com.apple.chrono:timeline.store] Task [48] [app.traco::app.traco.widget:TracoWidget] Scheduled with cancellable token: [<TaskService.TaskCancellable: TaskID: ED3D9B8C>]
